// Jest Snapshot v1, https://goo.gl/fbAQLP

exports[`Link changes the class when hovered 1`] = `
<header
  className="header"
>
  <div
    className="row"
  >
    <div
      className="col"
    >
      <a
        className="logo"
        href="/"
      >
        <strong>
          netflix
        </strong>
        roulette
      </a>
    </div>
    <div
      className="text-right col"
    />
  </div>
</header>
`;
